/orcd/home/002/caiosiq/qcgpt/qcgpt3/scripts/train.py:244: FutureWarning: You are using `torch.load` with `weights_only=False` (the current default value), which uses the default pickle module implicitly. It is possible to construct malicious pickle data which will execute arbitrary code during unpickling (See https://github.com/pytorch/pytorch/blob/main/SECURITY.md#untrusted-models for more details). In a future release, the default value for `weights_only` will be flipped to `True`. This limits the functions that could be executed during unpickling. Arbitrary objects will no longer be allowed to be loaded via this mode unless they are explicitly allowlisted by the user via `torch.serialization.add_safe_globals`. We recommend you start setting `weights_only=True` for any use case where you don't have full control of the loaded file. Please open an issue on GitHub for any issues related to this experimental feature.
  state = torch.load(config.ckpt, map_location=device)
/home/caiosiq/.conda/envs/qcgpt/lib/python3.10/site-packages/torch/nn/modules/transformer.py:502: UserWarning: The PyTorch API of nested tensors is in prototype stage and will change in the near future. (Triggered internally at /opt/conda/conda-bld/pytorch_1729647352509/work/aten/src/ATen/NestedTensorImpl.cpp:178.)
  output = torch._nested_tensor_from_mask(
Traceback (most recent call last):
  File "/home/caiosiq/.conda/envs/qcgpt/lib/python3.10/site-packages/torch/serialization.py", line 850, in save
    _save(
  File "/home/caiosiq/.conda/envs/qcgpt/lib/python3.10/site-packages/torch/serialization.py", line 1090, in _save
    zip_file.write_record("data.pkl", data_value, len(data_value))
RuntimeError: [enforce fail at inline_container.cc:778] . PytorchStreamWriter failed writing file data.pkl: file write failed

During handling of the above exception, another exception occurred:

Traceback (most recent call last):
  File "/orcd/home/002/caiosiq/qcgpt/qcgpt3/scripts/train.py", line 461, in <module>
    main()
  File "/orcd/home/002/caiosiq/qcgpt/qcgpt3/scripts/train.py", line 445, in main
    torch.save({
  File "/home/caiosiq/.conda/envs/qcgpt/lib/python3.10/site-packages/torch/serialization.py", line 849, in save
    with _open_zipfile_writer(f) as opened_zipfile:
  File "/home/caiosiq/.conda/envs/qcgpt/lib/python3.10/site-packages/torch/serialization.py", line 690, in __exit__
    self.file_like.write_end_of_file()
RuntimeError: [enforce fail at inline_container.cc:603] . unexpected pos 64 vs 0
